# Synopsys Constraint Checker, version maplat, Build 1682R, built Mar 10 2017
# Copyright (C) 1994-2017 Synopsys, Inc. This Synopsys software and all associated documentation are proprietary to Synopsys, Inc. and may only be used pursuant to the terms and conditions of a written license agreement with Synopsys, Inc. All other use, reproduction, modification, or distribution of the Synopsys software or the associated documentation is strictly prohibited.

# Written on Tue Jun 27 13:21:44 2017


##### DESIGN INFO #######################################################

Top View:                "FPGA10"
Constraint File(s):      (none)




##### SUMMARY ############################################################

Found 0 issues in 0 out of 0 constraints


##### DETAILS ############################################################



Clock Relationships
*******************

Starting                         Ending                           |     rise to rise     |     fall to fall     |     rise to fall     |     fall to rise                     
-----------------------------------------------------------------------------------------------------------------------------------------------------------------------------
System                           System                           |     1000.000         |     No paths         |     No paths         |     No paths                         
sys_pll|CLKOS_inferred_clock     sys_pll|CLKOS_inferred_clock     |     2.043            |     No paths         |     No paths         |     No paths                         
sys_pll|CLKOP_inferred_clock     sys_pll|CLKOP_inferred_clock     |     1.933            |     No paths         |     No paths         |     No paths                         
=============================================================================================================================================================================
 Note: 'No paths' indicates there are no paths in the design for that pair of clock edges.
       'Diff grp' indicates that paths exist but the starting clock and ending clock are in different clock groups.


Unconstrained Start/End Points
******************************

p:CLK
p:IL07[0]
p:IL07[1]
p:IL07[2]
p:IL07[3]
p:IL07[4]
p:IL07[5]
p:IL07[6]
p:IL07[7]
p:IL07[8]
p:IL07[9]
p:IL07[10]
p:IL07[11]
p:IL07[12]
p:IL07[13]
p:IL07[14]
p:IL07[15]
p:IL07[16]
p:IL07[17]
p:IL07[18]
p:IL07[19]
p:IL07[20]
p:IL07[21]
p:IL07[22]
p:IL07[23]
p:IL07[24]
p:IL07[25]
p:IL07[26]
p:IL07[27]
p:IL07[28]
p:IL07[29]
p:IL07[30]
p:IL07[31]
p:IL07[32]
p:IL07[33]
p:IL07[34]
p:IL07[35]
p:IL07[36]
p:IL07[37]
p:IL07[38]
p:IL07[39]
p:IL07[40]
p:IL07[41]
p:IL07[42]
p:IL07[43]
p:IL07[44]
p:IL07[45]
p:IL07[46]
p:IL07[47]
p:IL07[48]
p:IL07[49]
p:IL07[50]
p:IL07[51]
p:IL07[52]
p:IL07[53]
p:IL07[54]
p:IL07[55]
p:IL07[56]
p:IL07[57]
p:IL07[58]
p:IL07[59]
p:IL07[60]
p:IL07[61]
p:IL07[62]
p:IL07[63]
p:IL07[64]
p:IL07[65]
p:IL07[66]
p:IL07[67]
p:IL07[68]
p:IL07[69]
p:IL07[70]
p:IL12[0]
p:IL12[1]
p:IL12[2]
p:IL12[3]
p:IL12[4]
p:IL12[5]
p:IL12[6]
p:IL12[7]
p:IL12[8]
p:IL12[9]
p:IL12[10]
p:IL12[11]
p:IL12[12]
p:IL12[13]
p:IL12[14]
p:IL12[15]
p:IL12[16]
p:IL12[17]
p:IL12[18]
p:IL12[19]
p:IL12[20]
p:IL12[21]
p:IL12[22]
p:IL12[23]
p:IL12[24]
p:IL12[25]
p:IL12[26]
p:IL12[27]
p:IL12[28]
p:IL12[29]
p:IL12[30]
p:IL12[31]
p:IL12[32]
p:IL12[33]
p:IL12[34]
p:IL12[35]
p:IL12[36]
p:IL12[37]
p:IL12[38]
p:IL12[39]
p:IL12[40]
p:IL12[41]
p:IL12[42]
p:IL12[43]
p:IL12[44]
p:IL12[45]
p:IL12[46]
p:IL12[47]
p:IL12[48]
p:IL12[49]
p:IL12[50]
p:IL12[51]
p:IL12[52]
p:IL12[53]
p:IL12[54]
p:IL12[55]
p:IL12[56]
p:IL12[57]
p:IL12[58]
p:IL12[59]
p:IL12[60]
p:IL12[61]
p:IL12[62]
p:IL12[63]
p:IL12[64]
p:IL12[65]
p:IL12[66]
p:IL12[67]
p:IL12[68]
p:IL12[69]
p:IL12[70]
p:IL34[0]
p:IL34[1]
p:IL34[2]
p:IL34[3]
p:IL34[4]
p:IL34[5]
p:IL34[6]
p:IL34[7]
p:IL34[8]
p:IL34[9]
p:IL34[10]
p:IL34[11]
p:IL34[12]
p:IL34[13]
p:IL34[14]
p:IL34[15]
p:IL34[16]
p:IL34[17]
p:IL34[18]
p:IL34[19]
p:IL34[20]
p:IL34[21]
p:IL34[22]
p:IL34[23]
p:IL34[24]
p:IL34[25]
p:IL34[26]
p:IL34[27]
p:IL34[28]
p:IL34[29]
p:IL34[30]
p:IL34[31]
p:IL34[32]
p:IL34[33]
p:IL34[34]
p:IL34[35]
p:IL34[36]
p:IL34[37]
p:IL34[38]
p:IL34[39]
p:IL34[40]
p:IL34[41]
p:IL34[42]
p:IL34[43]
p:IL34[44]
p:IL34[45]
p:IL34[46]
p:IL34[47]
p:IL34[48]
p:IL34[49]
p:IL34[50]
p:IL34[51]
p:IL34[52]
p:IL34[53]
p:IL34[54]
p:IL34[55]
p:IL34[56]
p:IL34[57]
p:IL34[58]
p:IL34[59]
p:IL34[60]
p:IL34[61]
p:IL34[62]
p:IL34[63]
p:IL34[64]
p:IL34[65]
p:IL34[66]
p:IL34[67]
p:IL34[68]
p:IL34[69]
p:IL34[70]
p:IL68[0]
p:IL68[1]
p:IL68[2]
p:IL68[3]
p:IL68[4]
p:IL68[5]
p:IL68[6]
p:IL68[7]
p:IL68[8]
p:IL68[9]
p:IL68[10]
p:IL68[11]
p:IL68[12]
p:IL68[13]
p:IL68[14]
p:IL68[15]
p:IL68[16]
p:IL68[17]
p:IL68[18]
p:IL68[19]
p:IL68[20]
p:IL68[21]
p:IL68[22]
p:IL68[23]
p:IL68[24]
p:IL68[25]
p:IL68[26]
p:IL68[27]
p:IL68[28]
p:IL68[29]
p:IL68[30]
p:IL68[31]
p:IL68[32]
p:IL68[33]
p:IL68[34]
p:IL68[35]
p:IL68[36]
p:IL68[37]
p:IL68[38]
p:IL68[39]
p:IL68[40]
p:IL68[41]
p:IL68[42]
p:IL68[43]
p:IL68[44]
p:IL68[45]
p:IL68[46]
p:IL68[47]
p:IL68[48]
p:IL68[49]
p:IL68[50]
p:IL68[51]
p:IL68[52]
p:IL68[53]
p:IL68[54]
p:IL68[55]
p:IL68[56]
p:IL68[57]
p:IL68[58]
p:IL68[59]
p:IL68[60]
p:IL68[61]
p:IL68[62]
p:IL68[63]
p:IL68[64]
p:IL68[65]
p:IL68[66]
p:IL68[67]
p:IL68[68]
p:IL68[69]
p:IL68[70]
p:error_dect_50[0]
p:error_dect_50[1]
p:error_dect_50[2]
p:error_dect_50[3]
p:error_dect_125[0]
p:error_dect_125[1]
p:error_dect_125[2]
p:error_dect_125[3]
p:led


Inapplicable constraints
************************

(none)


Applicable constraints with issues
**********************************

(none)


Constraints with matching wildcard expressions
**********************************************

(none)


Library Report
**************


# End of Constraint Checker Report
